// Jest Snapshot v1, https://goo.gl/fbAQLP

exports[`Parser: Main 1`] = `
Object {
  "body": Array [
    Object {
      "category": 1,
      "nodeType": 4,
      "position": Object {
        "col": 1,
        "file": "file",
        "line": 2,
        "offset": 19,
      },
      "source": Object {
        "category": 3,
        "nodeType": 15,
        "position": Object {
          "col": 15,
          "file": "file",
          "line": 2,
          "offset": 33,
        },
        "value": "'test'",
      },
      "variable": Object {
        "category": 5,
        "name": "a",
        "nodeType": 21,
        "position": Object {
          "col": 8,
          "file": "file",
          "line": 2,
          "offset": 26,
        },
      },
    },
    Object {
      "category": 1,
      "nodeType": 5,
      "position": Object {
        "col": 1,
        "file": "file",
        "line": 3,
        "offset": 42,
      },
      "source": Object {
        "category": 3,
        "nodeType": 15,
        "position": Object {
          "col": 42,
          "file": "file",
          "line": 3,
          "offset": 83,
        },
        "value": "'print'",
      },
      "typeSignature": Object {
        "category": 4,
        "name": "Function",
        "nodeType": 19,
        "params": Array [
          Object {
            "category": 4,
            "name": "String",
            "nodeType": 20,
            "position": Object {
              "col": 21,
              "file": "file",
              "line": 3,
              "offset": 62,
            },
          },
        ],
        "position": Object {
          "col": 20,
          "file": "file",
          "line": 3,
          "offset": 61,
        },
        "returnType": Object {
          "category": 4,
          "name": "Void",
          "nodeType": 20,
          "position": Object {
            "col": 32,
            "file": "file",
            "line": 3,
            "offset": 73,
          },
        },
      },
      "variable": Object {
        "category": 5,
        "name": "print",
        "nodeType": 21,
        "position": Object {
          "col": 13,
          "file": "file",
          "line": 3,
          "offset": 54,
        },
      },
    },
    Object {
      "category": 1,
      "nodeType": 5,
      "position": Object {
        "col": 1,
        "file": "file",
        "line": 4,
        "offset": 93,
      },
      "source": Object {
        "category": 3,
        "nodeType": 15,
        "position": Object {
          "col": 32,
          "file": "file",
          "line": 4,
          "offset": 124,
        },
        "value": "'print'",
      },
      "typeSignature": Object {
        "category": 4,
        "name": "Function",
        "nodeType": 19,
        "params": Array [],
        "position": Object {
          "col": 16,
          "file": "file",
          "line": 4,
          "offset": 108,
        },
        "returnType": Object {
          "category": 4,
          "name": "Void",
          "nodeType": 20,
          "position": Object {
            "col": 22,
            "file": "file",
            "line": 4,
            "offset": 114,
          },
        },
      },
      "variable": Object {
        "category": 5,
        "name": "f",
        "nodeType": 21,
        "position": Object {
          "col": 13,
          "file": "file",
          "line": 4,
          "offset": 105,
        },
      },
    },
    Object {
      "category": 1,
      "nodeType": 5,
      "position": Object {
        "col": 1,
        "file": "file",
        "line": 5,
        "offset": 134,
      },
      "source": Object {
        "category": 3,
        "nodeType": 15,
        "position": Object {
          "col": 25,
          "file": "file",
          "line": 5,
          "offset": 158,
        },
        "value": "'test'",
      },
      "typeSignature": Object {
        "category": 4,
        "name": "i32",
        "nodeType": 20,
        "position": Object {
          "col": 16,
          "file": "file",
          "line": 5,
          "offset": 149,
        },
      },
      "variable": Object {
        "category": 5,
        "name": "b",
        "nodeType": 21,
        "position": Object {
          "col": 13,
          "file": "file",
          "line": 5,
          "offset": 146,
        },
      },
    },
    Object {
      "alternative": Object {
        "alternative": Object {
          "body": Array [
            Object {
              "args": Array [
                Object {
                  "category": 3,
                  "nodeType": 15,
                  "position": Object {
                    "col": 9,
                    "file": "file",
                    "line": 14,
                    "offset": 354,
                  },
                  "value": "'Else Test'",
                },
              ],
              "category": 2,
              "name": Object {
                "category": 5,
                "name": "print",
                "nodeType": 22,
                "position": Object {
                  "col": 3,
                  "file": "file",
                  "line": 14,
                  "offset": 348,
                },
              },
              "nodeType": 13,
              "position": Object {
                "col": 3,
                "file": "file",
                "line": 14,
                "offset": 348,
              },
            },
          ],
          "category": 1,
          "nodeType": 3,
          "position": Object {
            "col": 8,
            "file": "file",
            "line": 13,
            "offset": 343,
          },
        },
        "body": Object {
          "body": Array [
            Object {
              "args": Array [
                Object {
                  "category": 3,
                  "nodeType": 15,
                  "position": Object {
                    "col": 9,
                    "file": "file",
                    "line": 12,
                    "offset": 318,
                  },
                  "value": "'Else If Test'",
                },
              ],
              "category": 2,
              "name": Object {
                "category": 5,
                "name": "print",
                "nodeType": 22,
                "position": Object {
                  "col": 3,
                  "file": "file",
                  "line": 12,
                  "offset": 312,
                },
              },
              "nodeType": 13,
              "position": Object {
                "col": 3,
                "file": "file",
                "line": 12,
                "offset": 312,
              },
            },
          ],
          "category": 1,
          "nodeType": 3,
          "position": Object {
            "col": 20,
            "file": "file",
            "line": 11,
            "offset": 307,
          },
        },
        "category": 1,
        "condition": Object {
          "category": 3,
          "nodeType": 15,
          "position": Object {
            "col": 12,
            "file": "file",
            "line": 11,
            "offset": 299,
          },
          "value": "'test'",
        },
        "nodeType": 1,
        "position": Object {
          "col": 8,
          "file": "file",
          "line": 11,
          "offset": 295,
        },
      },
      "body": Object {
        "body": Array [
          Object {
            "args": Array [
              Object {
                "category": 3,
                "nodeType": 15,
                "position": Object {
                  "col": 9,
                  "file": "file",
                  "line": 10,
                  "offset": 275,
                },
                "value": "'If Test'",
              },
            ],
            "category": 2,
            "name": Object {
              "category": 5,
              "name": "print",
              "nodeType": 22,
              "position": Object {
                "col": 3,
                "file": "file",
                "line": 10,
                "offset": 269,
              },
            },
            "nodeType": 13,
            "position": Object {
              "col": 3,
              "file": "file",
              "line": 10,
              "offset": 269,
            },
          },
        ],
        "category": 1,
        "nodeType": 3,
        "position": Object {
          "col": 13,
          "file": "file",
          "line": 9,
          "offset": 264,
        },
      },
      "category": 1,
      "condition": Object {
        "category": 2,
        "lhs": Object {
          "category": 3,
          "nodeType": 16,
          "position": Object {
            "col": 5,
            "file": "file",
            "line": 9,
            "offset": 256,
          },
          "value": "1",
        },
        "nodeType": 9,
        "operator": 0,
        "position": Object {
          "col": 5,
          "file": "file",
          "line": 9,
          "offset": 256,
        },
        "rhs": Object {
          "category": 3,
          "nodeType": 16,
          "position": Object {
            "col": 10,
            "file": "file",
            "line": 9,
            "offset": 261,
          },
          "value": "1",
        },
      },
      "nodeType": 1,
      "position": Object {
        "col": 1,
        "file": "file",
        "line": 9,
        "offset": 252,
      },
    },
    Object {
      "alternative": undefined,
      "body": Object {
        "args": Array [
          Object {
            "category": 3,
            "nodeType": 15,
            "position": Object {
              "col": 19,
              "file": "file",
              "line": 16,
              "offset": 391,
            },
            "value": "'test'",
          },
        ],
        "category": 2,
        "name": Object {
          "category": 5,
          "name": "print",
          "nodeType": 22,
          "position": Object {
            "col": 13,
            "file": "file",
            "line": 16,
            "offset": 385,
          },
        },
        "nodeType": 13,
        "position": Object {
          "col": 13,
          "file": "file",
          "line": 16,
          "offset": 385,
        },
      },
      "category": 1,
      "condition": Object {
        "category": 2,
        "lhs": Object {
          "category": 3,
          "nodeType": 16,
          "position": Object {
            "col": 5,
            "file": "file",
            "line": 16,
            "offset": 377,
          },
          "value": "1",
        },
        "nodeType": 9,
        "operator": 0,
        "position": Object {
          "col": 5,
          "file": "file",
          "line": 16,
          "offset": 377,
        },
        "rhs": Object {
          "category": 3,
          "nodeType": 16,
          "position": Object {
            "col": 10,
            "file": "file",
            "line": 16,
            "offset": 382,
          },
          "value": "1",
        },
      },
      "nodeType": 1,
      "position": Object {
        "col": 1,
        "file": "file",
        "line": 16,
        "offset": 373,
      },
    },
  ],
  "category": 0,
  "nodeType": 0,
  "position": Object {
    "col": 0,
    "file": "file",
    "line": 0,
    "offset": 0,
  },
}
`;
