// Jest Snapshot v1, https://goo.gl/fbAQLP

exports[`Parser: Literals Pass 1`] = `
Object {
  "body": Array [
    Object {
      "category": 1,
      "nodeType": 4,
      "position": Object {
        "col": 1,
        "file": "file",
        "line": 2,
        "offset": 19,
      },
      "source": Object {
        "category": 3,
        "nodeType": 15,
        "position": Object {
          "col": 15,
          "file": "file",
          "line": 2,
          "offset": 33,
        },
        "value": "'test'",
      },
      "variable": Object {
        "category": 5,
        "name": "a",
        "nodeType": 33,
        "position": Object {
          "col": 8,
          "file": "file",
          "line": 2,
          "offset": 26,
        },
      },
    },
    Object {
      "category": 1,
      "nodeType": 5,
      "position": Object {
        "col": 1,
        "file": "file",
        "line": 3,
        "offset": 42,
      },
      "source": Object {
        "category": 3,
        "nodeType": 15,
        "position": Object {
          "col": 42,
          "file": "file",
          "line": 3,
          "offset": 83,
        },
        "value": "'print'",
      },
      "typeSignature": Object {
        "category": 4,
        "nodeType": 28,
        "params": Array [
          Object {
            "category": 4,
            "name": "String",
            "nodeType": 31,
            "position": Object {
              "col": 21,
              "file": "file",
              "line": 3,
              "offset": 62,
            },
          },
        ],
        "position": Object {
          "col": 20,
          "file": "file",
          "line": 3,
          "offset": 61,
        },
        "returnType": Object {
          "category": 4,
          "name": "Void",
          "nodeType": 31,
          "position": Object {
            "col": 32,
            "file": "file",
            "line": 3,
            "offset": 73,
          },
        },
      },
      "variable": Object {
        "category": 5,
        "name": "print",
        "nodeType": 33,
        "position": Object {
          "col": 13,
          "file": "file",
          "line": 3,
          "offset": 54,
        },
      },
    },
    Object {
      "category": 1,
      "nodeType": 5,
      "position": Object {
        "col": 1,
        "file": "file",
        "line": 4,
        "offset": 93,
      },
      "source": Object {
        "category": 3,
        "nodeType": 15,
        "position": Object {
          "col": 32,
          "file": "file",
          "line": 4,
          "offset": 124,
        },
        "value": "'print'",
      },
      "typeSignature": Object {
        "category": 4,
        "nodeType": 28,
        "params": Array [],
        "position": Object {
          "col": 16,
          "file": "file",
          "line": 4,
          "offset": 108,
        },
        "returnType": Object {
          "category": 4,
          "name": "Void",
          "nodeType": 31,
          "position": Object {
            "col": 22,
            "file": "file",
            "line": 4,
            "offset": 114,
          },
        },
      },
      "variable": Object {
        "category": 5,
        "name": "f",
        "nodeType": 33,
        "position": Object {
          "col": 13,
          "file": "file",
          "line": 4,
          "offset": 105,
        },
      },
    },
    Object {
      "category": 1,
      "nodeType": 5,
      "position": Object {
        "col": 1,
        "file": "file",
        "line": 5,
        "offset": 134,
      },
      "source": Object {
        "category": 3,
        "nodeType": 15,
        "position": Object {
          "col": 25,
          "file": "file",
          "line": 5,
          "offset": 158,
        },
        "value": "'test'",
      },
      "typeSignature": Object {
        "category": 4,
        "name": "i32",
        "nodeType": 31,
        "position": Object {
          "col": 16,
          "file": "file",
          "line": 5,
          "offset": 149,
        },
      },
      "variable": Object {
        "category": 5,
        "name": "b",
        "nodeType": 33,
        "position": Object {
          "col": 13,
          "file": "file",
          "line": 5,
          "offset": 146,
        },
      },
    },
    Object {
      "category": 1,
      "nodeType": 5,
      "position": Object {
        "col": 1,
        "file": "file",
        "line": 6,
        "offset": 167,
      },
      "source": Object {
        "category": 3,
        "nodeType": 15,
        "position": Object {
          "col": 33,
          "file": "file",
          "line": 6,
          "offset": 199,
        },
        "value": "'test'",
      },
      "typeSignature": Object {
        "category": 4,
        "name": "Number",
        "nodeType": 31,
        "position": Object {
          "col": 21,
          "file": "file",
          "line": 6,
          "offset": 187,
        },
      },
      "variable": Object {
        "category": 5,
        "name": "return",
        "nodeType": 33,
        "position": Object {
          "col": 13,
          "file": "file",
          "line": 6,
          "offset": 179,
        },
      },
    },
    Object {
      "alternative": Object {
        "alternative": Object {
          "body": Array [
            Object {
              "args": Array [
                Object {
                  "category": 3,
                  "nodeType": 15,
                  "position": Object {
                    "col": 9,
                    "file": "file",
                    "line": 15,
                    "offset": 405,
                  },
                  "value": "'Else Test'",
                },
              ],
              "category": 2,
              "name": Object {
                "category": 5,
                "name": "print",
                "nodeType": 34,
                "position": Object {
                  "col": 3,
                  "file": "file",
                  "line": 15,
                  "offset": 399,
                },
              },
              "nodeType": 13,
              "position": Object {
                "col": 3,
                "file": "file",
                "line": 15,
                "offset": 399,
              },
            },
          ],
          "category": 1,
          "nodeType": 3,
          "position": Object {
            "col": 8,
            "file": "file",
            "line": 14,
            "offset": 394,
          },
        },
        "body": Object {
          "body": Array [
            Object {
              "args": Array [
                Object {
                  "category": 3,
                  "nodeType": 15,
                  "position": Object {
                    "col": 9,
                    "file": "file",
                    "line": 13,
                    "offset": 369,
                  },
                  "value": "'Else If Test'",
                },
              ],
              "category": 2,
              "name": Object {
                "category": 5,
                "name": "print",
                "nodeType": 34,
                "position": Object {
                  "col": 3,
                  "file": "file",
                  "line": 13,
                  "offset": 363,
                },
              },
              "nodeType": 13,
              "position": Object {
                "col": 3,
                "file": "file",
                "line": 13,
                "offset": 363,
              },
            },
          ],
          "category": 1,
          "nodeType": 3,
          "position": Object {
            "col": 30,
            "file": "file",
            "line": 12,
            "offset": 358,
          },
        },
        "category": 1,
        "condition": Object {
          "category": 2,
          "lhs": Object {
            "category": 3,
            "nodeType": 15,
            "position": Object {
              "col": 12,
              "file": "file",
              "line": 12,
              "offset": 340,
            },
            "value": "'test'",
          },
          "nodeType": 9,
          "operator": 0,
          "position": Object {
            "col": 12,
            "file": "file",
            "line": 12,
            "offset": 340,
          },
          "rhs": Object {
            "category": 3,
            "nodeType": 15,
            "position": Object {
              "col": 22,
              "file": "file",
              "line": 12,
              "offset": 350,
            },
            "value": "'test'",
          },
        },
        "nodeType": 1,
        "position": Object {
          "col": 8,
          "file": "file",
          "line": 12,
          "offset": 336,
        },
      },
      "body": Object {
        "body": Array [
          Object {
            "args": Array [
              Object {
                "category": 3,
                "nodeType": 15,
                "position": Object {
                  "col": 9,
                  "file": "file",
                  "line": 11,
                  "offset": 316,
                },
                "value": "'If Test'",
              },
            ],
            "category": 2,
            "name": Object {
              "category": 5,
              "name": "print",
              "nodeType": 34,
              "position": Object {
                "col": 3,
                "file": "file",
                "line": 11,
                "offset": 310,
              },
            },
            "nodeType": 13,
            "position": Object {
              "col": 3,
              "file": "file",
              "line": 11,
              "offset": 310,
            },
          },
        ],
        "category": 1,
        "nodeType": 3,
        "position": Object {
          "col": 13,
          "file": "file",
          "line": 10,
          "offset": 305,
        },
      },
      "category": 1,
      "condition": Object {
        "category": 2,
        "lhs": Object {
          "category": 3,
          "nodeType": 22,
          "position": Object {
            "col": 5,
            "file": "file",
            "line": 10,
            "offset": 297,
          },
          "value": "1",
        },
        "nodeType": 9,
        "operator": 0,
        "position": Object {
          "col": 5,
          "file": "file",
          "line": 10,
          "offset": 297,
        },
        "rhs": Object {
          "category": 3,
          "nodeType": 22,
          "position": Object {
            "col": 10,
            "file": "file",
            "line": 10,
            "offset": 302,
          },
          "value": "1",
        },
      },
      "nodeType": 1,
      "position": Object {
        "col": 1,
        "file": "file",
        "line": 10,
        "offset": 293,
      },
    },
    Object {
      "alternative": Object {
        "args": Array [
          Object {
            "category": 3,
            "nodeType": 15,
            "position": Object {
              "col": 12,
              "file": "file",
              "line": 18,
              "offset": 463,
            },
            "value": "'test'",
          },
        ],
        "category": 2,
        "name": Object {
          "category": 5,
          "name": "print",
          "nodeType": 34,
          "position": Object {
            "col": 6,
            "file": "file",
            "line": 18,
            "offset": 457,
          },
        },
        "nodeType": 13,
        "position": Object {
          "col": 6,
          "file": "file",
          "line": 18,
          "offset": 457,
        },
      },
      "body": Object {
        "args": Array [
          Object {
            "category": 3,
            "nodeType": 15,
            "position": Object {
              "col": 19,
              "file": "file",
              "line": 17,
              "offset": 442,
            },
            "value": "'test'",
          },
        ],
        "category": 2,
        "name": Object {
          "category": 5,
          "name": "print",
          "nodeType": 34,
          "position": Object {
            "col": 13,
            "file": "file",
            "line": 17,
            "offset": 436,
          },
        },
        "nodeType": 13,
        "position": Object {
          "col": 13,
          "file": "file",
          "line": 17,
          "offset": 436,
        },
      },
      "category": 1,
      "condition": Object {
        "category": 2,
        "lhs": Object {
          "category": 3,
          "nodeType": 22,
          "position": Object {
            "col": 5,
            "file": "file",
            "line": 17,
            "offset": 428,
          },
          "value": "1",
        },
        "nodeType": 9,
        "operator": 0,
        "position": Object {
          "col": 5,
          "file": "file",
          "line": 17,
          "offset": 428,
        },
        "rhs": Object {
          "category": 3,
          "nodeType": 22,
          "position": Object {
            "col": 10,
            "file": "file",
            "line": 17,
            "offset": 433,
          },
          "value": "1",
        },
      },
      "nodeType": 1,
      "position": Object {
        "col": 1,
        "file": "file",
        "line": 17,
        "offset": 424,
      },
    },
    Object {
      "alternative": undefined,
      "body": Object {
        "body": Array [
          Object {
            "args": Array [
              Object {
                "category": 3,
                "nodeType": 15,
                "position": Object {
                  "col": 9,
                  "file": "file",
                  "line": 21,
                  "offset": 496,
                },
                "value": "'true'",
              },
            ],
            "category": 2,
            "name": Object {
              "category": 5,
              "name": "print",
              "nodeType": 34,
              "position": Object {
                "col": 3,
                "file": "file",
                "line": 21,
                "offset": 490,
              },
            },
            "nodeType": 13,
            "position": Object {
              "col": 3,
              "file": "file",
              "line": 21,
              "offset": 490,
            },
          },
        ],
        "category": 1,
        "nodeType": 3,
        "position": Object {
          "col": 11,
          "file": "file",
          "line": 20,
          "offset": 485,
        },
      },
      "category": 1,
      "condition": Object {
        "category": 3,
        "nodeType": 23,
        "position": Object {
          "col": 5,
          "file": "file",
          "line": 20,
          "offset": 479,
        },
        "value": "true",
      },
      "nodeType": 1,
      "position": Object {
        "col": 1,
        "file": "file",
        "line": 20,
        "offset": 475,
      },
    },
    Object {
      "args": Array [
        Object {
          "category": 3,
          "nodeType": 15,
          "position": Object {
            "col": 7,
            "file": "file",
            "line": 27,
            "offset": 574,
          },
          "value": "'test'",
        },
      ],
      "category": 2,
      "name": Object {
        "category": 5,
        "name": "print",
        "nodeType": 34,
        "position": Object {
          "col": 1,
          "file": "file",
          "line": 27,
          "offset": 568,
        },
      },
      "nodeType": 13,
      "position": Object {
        "col": 1,
        "file": "file",
        "line": 27,
        "offset": 568,
      },
    },
    Object {
      "args": Array [],
      "category": 2,
      "name": Object {
        "category": 5,
        "name": "f",
        "nodeType": 34,
        "position": Object {
          "col": 1,
          "file": "file",
          "line": 28,
          "offset": 584,
        },
      },
      "nodeType": 13,
      "position": Object {
        "col": 1,
        "file": "file",
        "line": 28,
        "offset": 584,
      },
    },
    Object {
      "args": Array [
        Object {
          "category": 3,
          "nodeType": 16,
          "position": Object {
            "col": 15,
            "file": "file",
            "line": 29,
            "offset": 604,
          },
          "value": "1n",
        },
        Object {
          "category": 3,
          "nodeType": 16,
          "position": Object {
            "col": 19,
            "file": "file",
            "line": 29,
            "offset": 608,
          },
          "value": "1n",
        },
      ],
      "category": 2,
      "name": "@wasm.i32.add",
      "nodeType": 14,
      "position": Object {
        "col": 1,
        "file": "file",
        "line": 29,
        "offset": 590,
      },
    },
    Object {
      "category": 1,
      "declarationType": 1,
      "name": Object {
        "category": 5,
        "name": "c",
        "nodeType": 33,
        "position": Object {
          "col": 5,
          "file": "file",
          "line": 31,
          "offset": 649,
        },
      },
      "nodeType": 7,
      "position": Object {
        "col": 1,
        "file": "file",
        "line": 31,
        "offset": 645,
      },
      "value": Object {
        "category": 2,
        "lhs": Object {
          "category": 2,
          "lhs": Object {
            "category": 2,
            "lhs": Object {
              "category": 2,
              "lhs": Object {
                "category": 3,
                "nodeType": 22,
                "position": Object {
                  "col": 17,
                  "file": "file",
                  "line": 31,
                  "offset": 661,
                },
                "value": "1",
              },
              "nodeType": 10,
              "operator": 0,
              "position": Object {
                "col": 17,
                "file": "file",
                "line": 31,
                "offset": 661,
              },
              "rhs": Object {
                "category": 2,
                "nodeType": 12,
                "position": Object {
                  "col": 21,
                  "file": "file",
                  "line": 31,
                  "offset": 665,
                },
                "value": Object {
                  "category": 2,
                  "lhs": Object {
                    "category": 3,
                    "nodeType": 22,
                    "position": Object {
                      "col": 22,
                      "file": "file",
                      "line": 31,
                      "offset": 666,
                    },
                    "value": "1",
                  },
                  "nodeType": 10,
                  "operator": 0,
                  "position": Object {
                    "col": 22,
                    "file": "file",
                    "line": 31,
                    "offset": 666,
                  },
                  "rhs": Object {
                    "category": 3,
                    "nodeType": 22,
                    "position": Object {
                      "col": 26,
                      "file": "file",
                      "line": 31,
                      "offset": 670,
                    },
                    "value": "1",
                  },
                },
              },
            },
            "nodeType": 10,
            "operator": 0,
            "position": Object {
              "col": 17,
              "file": "file",
              "line": 31,
              "offset": 661,
            },
            "rhs": Object {
              "category": 3,
              "nodeType": 22,
              "position": Object {
                "col": 31,
                "file": "file",
                "line": 31,
                "offset": 675,
              },
              "value": "1",
            },
          },
          "nodeType": 10,
          "operator": 0,
          "position": Object {
            "col": 17,
            "file": "file",
            "line": 31,
            "offset": 661,
          },
          "rhs": Object {
            "category": 3,
            "nodeType": 22,
            "position": Object {
              "col": 35,
              "file": "file",
              "line": 31,
              "offset": 679,
            },
            "value": "1",
          },
        },
        "nodeType": 10,
        "operator": 0,
        "position": Object {
          "col": 17,
          "file": "file",
          "line": 31,
          "offset": 661,
        },
        "rhs": Object {
          "category": 3,
          "nodeType": 22,
          "position": Object {
            "col": 39,
            "file": "file",
            "line": 31,
            "offset": 683,
          },
          "value": "1",
        },
      },
      "varType": Object {
        "category": 4,
        "name": "Number",
        "nodeType": 31,
        "position": Object {
          "col": 8,
          "file": "file",
          "line": 31,
          "offset": 652,
        },
      },
    },
    Object {
      "category": 1,
      "name": Object {
        "category": 5,
        "name": "c",
        "nodeType": 34,
        "position": Object {
          "col": 1,
          "file": "file",
          "line": 32,
          "offset": 687,
        },
      },
      "nodeType": 8,
      "position": Object {
        "col": 1,
        "file": "file",
        "line": 32,
        "offset": 687,
      },
      "value": Object {
        "category": 3,
        "nodeType": 22,
        "position": Object {
          "col": 5,
          "file": "file",
          "line": 32,
          "offset": 691,
        },
        "value": "1",
      },
    },
    Object {
      "category": 1,
      "declarationType": 1,
      "name": Object {
        "category": 5,
        "name": "d",
        "nodeType": 33,
        "position": Object {
          "col": 5,
          "file": "file",
          "line": 33,
          "offset": 699,
        },
      },
      "nodeType": 7,
      "position": Object {
        "col": 1,
        "file": "file",
        "line": 33,
        "offset": 695,
      },
      "value": Object {
        "category": 5,
        "name": "a",
        "nodeType": 34,
        "position": Object {
          "col": 17,
          "file": "file",
          "line": 33,
          "offset": 711,
        },
      },
      "varType": Object {
        "category": 4,
        "name": "Number",
        "nodeType": 31,
        "position": Object {
          "col": 8,
          "file": "file",
          "line": 33,
          "offset": 702,
        },
      },
    },
    Object {
      "category": 1,
      "declarationType": 1,
      "name": Object {
        "category": 5,
        "name": "z",
        "nodeType": 33,
        "position": Object {
          "col": 5,
          "file": "file",
          "line": 35,
          "offset": 744,
        },
      },
      "nodeType": 7,
      "position": Object {
        "col": 1,
        "file": "file",
        "line": 35,
        "offset": 740,
      },
      "value": Object {
        "body": Object {
          "body": Array [
            Object {
              "args": Array [
                Object {
                  "category": 5,
                  "name": "g",
                  "nodeType": 34,
                  "position": Object {
                    "col": 10,
                    "file": "file",
                    "line": 36,
                    "offset": 793,
                  },
                },
              ],
              "category": 2,
              "name": Object {
                "category": 5,
                "name": "return",
                "nodeType": 34,
                "position": Object {
                  "col": 3,
                  "file": "file",
                  "line": 36,
                  "offset": 786,
                },
              },
              "nodeType": 13,
              "position": Object {
                "col": 3,
                "file": "file",
                "line": 36,
                "offset": 786,
              },
            },
          ],
          "category": 1,
          "nodeType": 3,
          "position": Object {
            "col": 42,
            "file": "file",
            "line": 35,
            "offset": 781,
          },
        },
        "category": 3,
        "nodeType": 24,
        "params": Array [
          Object {
            "category": 5,
            "name": Object {
              "category": 5,
              "name": "g",
              "nodeType": 33,
              "position": Object {
                "col": 20,
                "file": "file",
                "line": 35,
                "offset": 759,
              },
            },
            "nodeType": 36,
            "paramType": Object {
              "category": 4,
              "name": "Number",
              "nodeType": 31,
              "position": Object {
                "col": 23,
                "file": "file",
                "line": 35,
                "offset": 762,
              },
            },
          },
        ],
        "position": Object {
          "col": 19,
          "file": "file",
          "line": 35,
          "offset": 758,
        },
        "returnType": Object {
          "category": 4,
          "name": "Number",
          "nodeType": 31,
          "position": Object {
            "col": 32,
            "file": "file",
            "line": 35,
            "offset": 771,
          },
        },
      },
      "varType": Object {
        "category": 4,
        "name": "Function",
        "nodeType": 31,
        "position": Object {
          "col": 8,
          "file": "file",
          "line": 35,
          "offset": 747,
        },
      },
    },
    Object {
      "category": 1,
      "declarationType": 0,
      "name": Object {
        "category": 5,
        "name": "h",
        "nodeType": 33,
        "position": Object {
          "col": 7,
          "file": "file",
          "line": 38,
          "offset": 808,
        },
      },
      "nodeType": 7,
      "position": Object {
        "col": 1,
        "file": "file",
        "line": 38,
        "offset": 802,
      },
      "value": Object {
        "category": 3,
        "nodeType": 22,
        "position": Object {
          "col": 19,
          "file": "file",
          "line": 38,
          "offset": 820,
        },
        "value": "1",
      },
      "varType": Object {
        "category": 4,
        "name": "Number",
        "nodeType": 31,
        "position": Object {
          "col": 10,
          "file": "file",
          "line": 38,
          "offset": 811,
        },
      },
    },
    Object {
      "category": 1,
      "nodeType": 6,
      "position": Object {
        "col": 1,
        "file": "file",
        "line": 41,
        "offset": 843,
      },
      "variable": Object {
        "category": 5,
        "name": "h",
        "nodeType": 34,
        "position": Object {
          "col": 8,
          "file": "file",
          "line": 41,
          "offset": 850,
        },
      },
    },
  ],
  "category": 0,
  "nodeType": 0,
  "position": Object {
    "col": 0,
    "file": "file",
    "line": 0,
    "offset": 0,
  },
}
`;

exports[`Parser: Main Pass 1`] = `
Object {
  "body": Array [
    Object {
      "category": 1,
      "nodeType": 4,
      "position": Object {
        "col": 1,
        "file": "file",
        "line": 2,
        "offset": 19,
      },
      "source": Object {
        "category": 3,
        "nodeType": 15,
        "position": Object {
          "col": 15,
          "file": "file",
          "line": 2,
          "offset": 33,
        },
        "value": "'test'",
      },
      "variable": Object {
        "category": 5,
        "name": "a",
        "nodeType": 33,
        "position": Object {
          "col": 8,
          "file": "file",
          "line": 2,
          "offset": 26,
        },
      },
    },
    Object {
      "category": 1,
      "nodeType": 5,
      "position": Object {
        "col": 1,
        "file": "file",
        "line": 3,
        "offset": 42,
      },
      "source": Object {
        "category": 3,
        "nodeType": 15,
        "position": Object {
          "col": 42,
          "file": "file",
          "line": 3,
          "offset": 83,
        },
        "value": "'print'",
      },
      "typeSignature": Object {
        "category": 4,
        "nodeType": 28,
        "params": Array [
          Object {
            "category": 4,
            "name": "String",
            "nodeType": 31,
            "position": Object {
              "col": 21,
              "file": "file",
              "line": 3,
              "offset": 62,
            },
          },
        ],
        "position": Object {
          "col": 20,
          "file": "file",
          "line": 3,
          "offset": 61,
        },
        "returnType": Object {
          "category": 4,
          "name": "Void",
          "nodeType": 31,
          "position": Object {
            "col": 32,
            "file": "file",
            "line": 3,
            "offset": 73,
          },
        },
      },
      "variable": Object {
        "category": 5,
        "name": "print",
        "nodeType": 33,
        "position": Object {
          "col": 13,
          "file": "file",
          "line": 3,
          "offset": 54,
        },
      },
    },
    Object {
      "category": 1,
      "nodeType": 5,
      "position": Object {
        "col": 1,
        "file": "file",
        "line": 4,
        "offset": 93,
      },
      "source": Object {
        "category": 3,
        "nodeType": 15,
        "position": Object {
          "col": 32,
          "file": "file",
          "line": 4,
          "offset": 124,
        },
        "value": "'print'",
      },
      "typeSignature": Object {
        "category": 4,
        "nodeType": 28,
        "params": Array [],
        "position": Object {
          "col": 16,
          "file": "file",
          "line": 4,
          "offset": 108,
        },
        "returnType": Object {
          "category": 4,
          "name": "Void",
          "nodeType": 31,
          "position": Object {
            "col": 22,
            "file": "file",
            "line": 4,
            "offset": 114,
          },
        },
      },
      "variable": Object {
        "category": 5,
        "name": "f",
        "nodeType": 33,
        "position": Object {
          "col": 13,
          "file": "file",
          "line": 4,
          "offset": 105,
        },
      },
    },
    Object {
      "category": 1,
      "nodeType": 5,
      "position": Object {
        "col": 1,
        "file": "file",
        "line": 5,
        "offset": 134,
      },
      "source": Object {
        "category": 3,
        "nodeType": 15,
        "position": Object {
          "col": 25,
          "file": "file",
          "line": 5,
          "offset": 158,
        },
        "value": "'test'",
      },
      "typeSignature": Object {
        "category": 4,
        "name": "i32",
        "nodeType": 31,
        "position": Object {
          "col": 16,
          "file": "file",
          "line": 5,
          "offset": 149,
        },
      },
      "variable": Object {
        "category": 5,
        "name": "b",
        "nodeType": 33,
        "position": Object {
          "col": 13,
          "file": "file",
          "line": 5,
          "offset": 146,
        },
      },
    },
    Object {
      "category": 1,
      "nodeType": 5,
      "position": Object {
        "col": 1,
        "file": "file",
        "line": 6,
        "offset": 167,
      },
      "source": Object {
        "category": 3,
        "nodeType": 15,
        "position": Object {
          "col": 33,
          "file": "file",
          "line": 6,
          "offset": 199,
        },
        "value": "'test'",
      },
      "typeSignature": Object {
        "category": 4,
        "name": "Number",
        "nodeType": 31,
        "position": Object {
          "col": 21,
          "file": "file",
          "line": 6,
          "offset": 187,
        },
      },
      "variable": Object {
        "category": 5,
        "name": "return",
        "nodeType": 33,
        "position": Object {
          "col": 13,
          "file": "file",
          "line": 6,
          "offset": 179,
        },
      },
    },
    Object {
      "alternative": Object {
        "alternative": Object {
          "body": Array [
            Object {
              "args": Array [
                Object {
                  "category": 3,
                  "nodeType": 15,
                  "position": Object {
                    "col": 9,
                    "file": "file",
                    "line": 15,
                    "offset": 405,
                  },
                  "value": "'Else Test'",
                },
              ],
              "category": 2,
              "name": Object {
                "category": 5,
                "name": "print",
                "nodeType": 34,
                "position": Object {
                  "col": 3,
                  "file": "file",
                  "line": 15,
                  "offset": 399,
                },
              },
              "nodeType": 13,
              "position": Object {
                "col": 3,
                "file": "file",
                "line": 15,
                "offset": 399,
              },
            },
          ],
          "category": 1,
          "nodeType": 3,
          "position": Object {
            "col": 8,
            "file": "file",
            "line": 14,
            "offset": 394,
          },
        },
        "body": Object {
          "body": Array [
            Object {
              "args": Array [
                Object {
                  "category": 3,
                  "nodeType": 15,
                  "position": Object {
                    "col": 9,
                    "file": "file",
                    "line": 13,
                    "offset": 369,
                  },
                  "value": "'Else If Test'",
                },
              ],
              "category": 2,
              "name": Object {
                "category": 5,
                "name": "print",
                "nodeType": 34,
                "position": Object {
                  "col": 3,
                  "file": "file",
                  "line": 13,
                  "offset": 363,
                },
              },
              "nodeType": 13,
              "position": Object {
                "col": 3,
                "file": "file",
                "line": 13,
                "offset": 363,
              },
            },
          ],
          "category": 1,
          "nodeType": 3,
          "position": Object {
            "col": 30,
            "file": "file",
            "line": 12,
            "offset": 358,
          },
        },
        "category": 1,
        "condition": Object {
          "category": 2,
          "lhs": Object {
            "category": 3,
            "nodeType": 15,
            "position": Object {
              "col": 12,
              "file": "file",
              "line": 12,
              "offset": 340,
            },
            "value": "'test'",
          },
          "nodeType": 9,
          "operator": 0,
          "position": Object {
            "col": 12,
            "file": "file",
            "line": 12,
            "offset": 340,
          },
          "rhs": Object {
            "category": 3,
            "nodeType": 15,
            "position": Object {
              "col": 22,
              "file": "file",
              "line": 12,
              "offset": 350,
            },
            "value": "'test'",
          },
        },
        "nodeType": 1,
        "position": Object {
          "col": 8,
          "file": "file",
          "line": 12,
          "offset": 336,
        },
      },
      "body": Object {
        "body": Array [
          Object {
            "args": Array [
              Object {
                "category": 3,
                "nodeType": 15,
                "position": Object {
                  "col": 9,
                  "file": "file",
                  "line": 11,
                  "offset": 316,
                },
                "value": "'If Test'",
              },
            ],
            "category": 2,
            "name": Object {
              "category": 5,
              "name": "print",
              "nodeType": 34,
              "position": Object {
                "col": 3,
                "file": "file",
                "line": 11,
                "offset": 310,
              },
            },
            "nodeType": 13,
            "position": Object {
              "col": 3,
              "file": "file",
              "line": 11,
              "offset": 310,
            },
          },
        ],
        "category": 1,
        "nodeType": 3,
        "position": Object {
          "col": 13,
          "file": "file",
          "line": 10,
          "offset": 305,
        },
      },
      "category": 1,
      "condition": Object {
        "category": 2,
        "lhs": Object {
          "category": 3,
          "nodeType": 22,
          "position": Object {
            "col": 5,
            "file": "file",
            "line": 10,
            "offset": 297,
          },
          "value": "1",
        },
        "nodeType": 9,
        "operator": 0,
        "position": Object {
          "col": 5,
          "file": "file",
          "line": 10,
          "offset": 297,
        },
        "rhs": Object {
          "category": 3,
          "nodeType": 22,
          "position": Object {
            "col": 10,
            "file": "file",
            "line": 10,
            "offset": 302,
          },
          "value": "1",
        },
      },
      "nodeType": 1,
      "position": Object {
        "col": 1,
        "file": "file",
        "line": 10,
        "offset": 293,
      },
    },
    Object {
      "alternative": Object {
        "args": Array [
          Object {
            "category": 3,
            "nodeType": 15,
            "position": Object {
              "col": 12,
              "file": "file",
              "line": 18,
              "offset": 463,
            },
            "value": "'test'",
          },
        ],
        "category": 2,
        "name": Object {
          "category": 5,
          "name": "print",
          "nodeType": 34,
          "position": Object {
            "col": 6,
            "file": "file",
            "line": 18,
            "offset": 457,
          },
        },
        "nodeType": 13,
        "position": Object {
          "col": 6,
          "file": "file",
          "line": 18,
          "offset": 457,
        },
      },
      "body": Object {
        "args": Array [
          Object {
            "category": 3,
            "nodeType": 15,
            "position": Object {
              "col": 19,
              "file": "file",
              "line": 17,
              "offset": 442,
            },
            "value": "'test'",
          },
        ],
        "category": 2,
        "name": Object {
          "category": 5,
          "name": "print",
          "nodeType": 34,
          "position": Object {
            "col": 13,
            "file": "file",
            "line": 17,
            "offset": 436,
          },
        },
        "nodeType": 13,
        "position": Object {
          "col": 13,
          "file": "file",
          "line": 17,
          "offset": 436,
        },
      },
      "category": 1,
      "condition": Object {
        "category": 2,
        "lhs": Object {
          "category": 3,
          "nodeType": 22,
          "position": Object {
            "col": 5,
            "file": "file",
            "line": 17,
            "offset": 428,
          },
          "value": "1",
        },
        "nodeType": 9,
        "operator": 0,
        "position": Object {
          "col": 5,
          "file": "file",
          "line": 17,
          "offset": 428,
        },
        "rhs": Object {
          "category": 3,
          "nodeType": 22,
          "position": Object {
            "col": 10,
            "file": "file",
            "line": 17,
            "offset": 433,
          },
          "value": "1",
        },
      },
      "nodeType": 1,
      "position": Object {
        "col": 1,
        "file": "file",
        "line": 17,
        "offset": 424,
      },
    },
    Object {
      "alternative": undefined,
      "body": Object {
        "body": Array [
          Object {
            "args": Array [
              Object {
                "category": 3,
                "nodeType": 15,
                "position": Object {
                  "col": 9,
                  "file": "file",
                  "line": 21,
                  "offset": 496,
                },
                "value": "'true'",
              },
            ],
            "category": 2,
            "name": Object {
              "category": 5,
              "name": "print",
              "nodeType": 34,
              "position": Object {
                "col": 3,
                "file": "file",
                "line": 21,
                "offset": 490,
              },
            },
            "nodeType": 13,
            "position": Object {
              "col": 3,
              "file": "file",
              "line": 21,
              "offset": 490,
            },
          },
        ],
        "category": 1,
        "nodeType": 3,
        "position": Object {
          "col": 11,
          "file": "file",
          "line": 20,
          "offset": 485,
        },
      },
      "category": 1,
      "condition": Object {
        "category": 3,
        "nodeType": 23,
        "position": Object {
          "col": 5,
          "file": "file",
          "line": 20,
          "offset": 479,
        },
        "value": "true",
      },
      "nodeType": 1,
      "position": Object {
        "col": 1,
        "file": "file",
        "line": 20,
        "offset": 475,
      },
    },
    Object {
      "args": Array [
        Object {
          "category": 3,
          "nodeType": 15,
          "position": Object {
            "col": 7,
            "file": "file",
            "line": 27,
            "offset": 574,
          },
          "value": "'test'",
        },
      ],
      "category": 2,
      "name": Object {
        "category": 5,
        "name": "print",
        "nodeType": 34,
        "position": Object {
          "col": 1,
          "file": "file",
          "line": 27,
          "offset": 568,
        },
      },
      "nodeType": 13,
      "position": Object {
        "col": 1,
        "file": "file",
        "line": 27,
        "offset": 568,
      },
    },
    Object {
      "args": Array [],
      "category": 2,
      "name": Object {
        "category": 5,
        "name": "f",
        "nodeType": 34,
        "position": Object {
          "col": 1,
          "file": "file",
          "line": 28,
          "offset": 584,
        },
      },
      "nodeType": 13,
      "position": Object {
        "col": 1,
        "file": "file",
        "line": 28,
        "offset": 584,
      },
    },
    Object {
      "args": Array [
        Object {
          "category": 3,
          "nodeType": 16,
          "position": Object {
            "col": 15,
            "file": "file",
            "line": 29,
            "offset": 604,
          },
          "value": "1n",
        },
        Object {
          "category": 3,
          "nodeType": 16,
          "position": Object {
            "col": 19,
            "file": "file",
            "line": 29,
            "offset": 608,
          },
          "value": "1n",
        },
      ],
      "category": 2,
      "name": "@wasm.i32.add",
      "nodeType": 14,
      "position": Object {
        "col": 1,
        "file": "file",
        "line": 29,
        "offset": 590,
      },
    },
    Object {
      "category": 1,
      "declarationType": 1,
      "name": Object {
        "category": 5,
        "name": "c",
        "nodeType": 33,
        "position": Object {
          "col": 5,
          "file": "file",
          "line": 31,
          "offset": 649,
        },
      },
      "nodeType": 7,
      "position": Object {
        "col": 1,
        "file": "file",
        "line": 31,
        "offset": 645,
      },
      "value": Object {
        "category": 2,
        "lhs": Object {
          "category": 2,
          "lhs": Object {
            "category": 2,
            "lhs": Object {
              "category": 2,
              "lhs": Object {
                "category": 3,
                "nodeType": 22,
                "position": Object {
                  "col": 17,
                  "file": "file",
                  "line": 31,
                  "offset": 661,
                },
                "value": "1",
              },
              "nodeType": 10,
              "operator": 0,
              "position": Object {
                "col": 17,
                "file": "file",
                "line": 31,
                "offset": 661,
              },
              "rhs": Object {
                "category": 2,
                "nodeType": 12,
                "position": Object {
                  "col": 21,
                  "file": "file",
                  "line": 31,
                  "offset": 665,
                },
                "value": Object {
                  "category": 2,
                  "lhs": Object {
                    "category": 3,
                    "nodeType": 22,
                    "position": Object {
                      "col": 22,
                      "file": "file",
                      "line": 31,
                      "offset": 666,
                    },
                    "value": "1",
                  },
                  "nodeType": 10,
                  "operator": 0,
                  "position": Object {
                    "col": 22,
                    "file": "file",
                    "line": 31,
                    "offset": 666,
                  },
                  "rhs": Object {
                    "category": 3,
                    "nodeType": 22,
                    "position": Object {
                      "col": 26,
                      "file": "file",
                      "line": 31,
                      "offset": 670,
                    },
                    "value": "1",
                  },
                },
              },
            },
            "nodeType": 10,
            "operator": 0,
            "position": Object {
              "col": 17,
              "file": "file",
              "line": 31,
              "offset": 661,
            },
            "rhs": Object {
              "category": 3,
              "nodeType": 22,
              "position": Object {
                "col": 31,
                "file": "file",
                "line": 31,
                "offset": 675,
              },
              "value": "1",
            },
          },
          "nodeType": 10,
          "operator": 0,
          "position": Object {
            "col": 17,
            "file": "file",
            "line": 31,
            "offset": 661,
          },
          "rhs": Object {
            "category": 3,
            "nodeType": 22,
            "position": Object {
              "col": 35,
              "file": "file",
              "line": 31,
              "offset": 679,
            },
            "value": "1",
          },
        },
        "nodeType": 10,
        "operator": 0,
        "position": Object {
          "col": 17,
          "file": "file",
          "line": 31,
          "offset": 661,
        },
        "rhs": Object {
          "category": 3,
          "nodeType": 22,
          "position": Object {
            "col": 39,
            "file": "file",
            "line": 31,
            "offset": 683,
          },
          "value": "1",
        },
      },
      "varType": Object {
        "category": 4,
        "name": "Number",
        "nodeType": 31,
        "position": Object {
          "col": 8,
          "file": "file",
          "line": 31,
          "offset": 652,
        },
      },
    },
    Object {
      "category": 1,
      "name": Object {
        "category": 5,
        "name": "c",
        "nodeType": 34,
        "position": Object {
          "col": 1,
          "file": "file",
          "line": 32,
          "offset": 687,
        },
      },
      "nodeType": 8,
      "position": Object {
        "col": 1,
        "file": "file",
        "line": 32,
        "offset": 687,
      },
      "value": Object {
        "category": 3,
        "nodeType": 22,
        "position": Object {
          "col": 5,
          "file": "file",
          "line": 32,
          "offset": 691,
        },
        "value": "1",
      },
    },
    Object {
      "category": 1,
      "declarationType": 1,
      "name": Object {
        "category": 5,
        "name": "d",
        "nodeType": 33,
        "position": Object {
          "col": 5,
          "file": "file",
          "line": 33,
          "offset": 699,
        },
      },
      "nodeType": 7,
      "position": Object {
        "col": 1,
        "file": "file",
        "line": 33,
        "offset": 695,
      },
      "value": Object {
        "category": 5,
        "name": "a",
        "nodeType": 34,
        "position": Object {
          "col": 17,
          "file": "file",
          "line": 33,
          "offset": 711,
        },
      },
      "varType": Object {
        "category": 4,
        "name": "Number",
        "nodeType": 31,
        "position": Object {
          "col": 8,
          "file": "file",
          "line": 33,
          "offset": 702,
        },
      },
    },
    Object {
      "category": 1,
      "declarationType": 1,
      "name": Object {
        "category": 5,
        "name": "z",
        "nodeType": 33,
        "position": Object {
          "col": 5,
          "file": "file",
          "line": 35,
          "offset": 744,
        },
      },
      "nodeType": 7,
      "position": Object {
        "col": 1,
        "file": "file",
        "line": 35,
        "offset": 740,
      },
      "value": Object {
        "body": Object {
          "body": Array [
            Object {
              "args": Array [
                Object {
                  "category": 5,
                  "name": "g",
                  "nodeType": 34,
                  "position": Object {
                    "col": 10,
                    "file": "file",
                    "line": 36,
                    "offset": 793,
                  },
                },
              ],
              "category": 2,
              "name": Object {
                "category": 5,
                "name": "return",
                "nodeType": 34,
                "position": Object {
                  "col": 3,
                  "file": "file",
                  "line": 36,
                  "offset": 786,
                },
              },
              "nodeType": 13,
              "position": Object {
                "col": 3,
                "file": "file",
                "line": 36,
                "offset": 786,
              },
            },
          ],
          "category": 1,
          "nodeType": 3,
          "position": Object {
            "col": 42,
            "file": "file",
            "line": 35,
            "offset": 781,
          },
        },
        "category": 3,
        "nodeType": 24,
        "params": Array [
          Object {
            "category": 5,
            "name": Object {
              "category": 5,
              "name": "g",
              "nodeType": 33,
              "position": Object {
                "col": 20,
                "file": "file",
                "line": 35,
                "offset": 759,
              },
            },
            "nodeType": 36,
            "paramType": Object {
              "category": 4,
              "name": "Number",
              "nodeType": 31,
              "position": Object {
                "col": 23,
                "file": "file",
                "line": 35,
                "offset": 762,
              },
            },
          },
        ],
        "position": Object {
          "col": 19,
          "file": "file",
          "line": 35,
          "offset": 758,
        },
        "returnType": Object {
          "category": 4,
          "name": "Number",
          "nodeType": 31,
          "position": Object {
            "col": 32,
            "file": "file",
            "line": 35,
            "offset": 771,
          },
        },
      },
      "varType": Object {
        "category": 4,
        "name": "Function",
        "nodeType": 31,
        "position": Object {
          "col": 8,
          "file": "file",
          "line": 35,
          "offset": 747,
        },
      },
    },
    Object {
      "category": 1,
      "declarationType": 0,
      "name": Object {
        "category": 5,
        "name": "h",
        "nodeType": 33,
        "position": Object {
          "col": 7,
          "file": "file",
          "line": 38,
          "offset": 808,
        },
      },
      "nodeType": 7,
      "position": Object {
        "col": 1,
        "file": "file",
        "line": 38,
        "offset": 802,
      },
      "value": Object {
        "category": 3,
        "nodeType": 22,
        "position": Object {
          "col": 19,
          "file": "file",
          "line": 38,
          "offset": 820,
        },
        "value": "1",
      },
      "varType": Object {
        "category": 4,
        "name": "Number",
        "nodeType": 31,
        "position": Object {
          "col": 10,
          "file": "file",
          "line": 38,
          "offset": 811,
        },
      },
    },
    Object {
      "category": 1,
      "nodeType": 6,
      "position": Object {
        "col": 1,
        "file": "file",
        "line": 41,
        "offset": 843,
      },
      "variable": Object {
        "category": 5,
        "name": "h",
        "nodeType": 34,
        "position": Object {
          "col": 8,
          "file": "file",
          "line": 41,
          "offset": 850,
        },
      },
    },
  ],
  "category": 0,
  "nodeType": 0,
  "position": Object {
    "col": 0,
    "file": "file",
    "line": 0,
    "offset": 0,
  },
}
`;
