// Jest Snapshot v1, https://goo.gl/fbAQLP

exports[`Parser: Main 1`] = `
Object {
  "body": Array [
    Object {
      "category": 1,
      "nodeType": 4,
      "position": Object {
        "col": 1,
        "file": "file",
        "line": 2,
        "offset": 19,
      },
      "source": Object {
        "category": 3,
        "nodeType": 15,
        "position": Object {
          "col": 18,
          "file": "file",
          "line": 2,
          "offset": 36,
        },
        "value": "'test'",
      },
      "variable": Object {
        "category": 5,
        "name": "test",
        "nodeType": 21,
        "position": Object {
          "col": 8,
          "file": "file",
          "line": 2,
          "offset": 26,
        },
      },
    },
    Object {
      "category": 1,
      "nodeType": 5,
      "position": Object {
        "col": 1,
        "file": "file",
        "line": 3,
        "offset": 45,
      },
      "source": Object {
        "category": 3,
        "nodeType": 15,
        "position": Object {
          "col": 42,
          "file": "file",
          "line": 3,
          "offset": 86,
        },
        "value": "'test'",
      },
      "typeSignature": Object {
        "category": 4,
        "nodeType": 19,
        "params": Array [
          Object {
            "category": 4,
            "name": "i32",
            "nodeType": 20,
            "position": Object {
              "col": 20,
              "file": "file",
              "line": 3,
              "offset": 64,
            },
          },
          Object {
            "category": 4,
            "name": "i32",
            "nodeType": 20,
            "position": Object {
              "col": 25,
              "file": "file",
              "line": 3,
              "offset": 69,
            },
          },
        ],
        "position": Object {
          "col": 19,
          "file": "file",
          "line": 3,
          "offset": 63,
        },
        "returnType": Object {
          "category": 4,
          "name": "i32",
          "nodeType": 20,
          "position": Object {
            "col": 33,
            "file": "file",
            "line": 3,
            "offset": 77,
          },
        },
      },
      "variable": Object {
        "category": 5,
        "name": "test",
        "nodeType": 21,
        "position": Object {
          "col": 13,
          "file": "file",
          "line": 3,
          "offset": 57,
        },
      },
    },
    Object {
      "category": 1,
      "nodeType": 5,
      "position": Object {
        "col": 1,
        "file": "file",
        "line": 4,
        "offset": 95,
      },
      "source": Object {
        "category": 3,
        "nodeType": 15,
        "position": Object {
          "col": 25,
          "file": "file",
          "line": 4,
          "offset": 119,
        },
        "value": "'test'",
      },
      "typeSignature": Object {
        "category": 4,
        "name": "i32",
        "nodeType": 20,
        "position": Object {
          "col": 16,
          "file": "file",
          "line": 4,
          "offset": 110,
        },
      },
      "variable": Object {
        "category": 5,
        "name": "t",
        "nodeType": 21,
        "position": Object {
          "col": 13,
          "file": "file",
          "line": 4,
          "offset": 107,
        },
      },
    },
    Object {
      "alternative": Object {
        "alternative": Object {
          "body": Array [
            Object {
              "args": Array [
                Object {
                  "category": 3,
                  "nodeType": 15,
                  "position": Object {
                    "col": 9,
                    "file": "file",
                    "line": 13,
                    "offset": 315,
                  },
                  "value": "'Else Test'",
                },
              ],
              "category": 2,
              "name": Object {
                "category": 5,
                "name": "print",
                "nodeType": 21,
                "position": Object {
                  "col": 3,
                  "file": "file",
                  "line": 13,
                  "offset": 309,
                },
              },
              "nodeType": 13,
              "position": Object {
                "col": 3,
                "file": "file",
                "line": 13,
                "offset": 309,
              },
            },
          ],
          "category": 1,
          "nodeType": 3,
          "position": Object {
            "col": 8,
            "file": "file",
            "line": 12,
            "offset": 304,
          },
        },
        "body": Object {
          "body": Array [
            Object {
              "args": Array [
                Object {
                  "category": 3,
                  "nodeType": 15,
                  "position": Object {
                    "col": 9,
                    "file": "file",
                    "line": 11,
                    "offset": 279,
                  },
                  "value": "'Else If Test'",
                },
              ],
              "category": 2,
              "name": Object {
                "category": 5,
                "name": "print",
                "nodeType": 21,
                "position": Object {
                  "col": 3,
                  "file": "file",
                  "line": 11,
                  "offset": 273,
                },
              },
              "nodeType": 13,
              "position": Object {
                "col": 3,
                "file": "file",
                "line": 11,
                "offset": 273,
              },
            },
          ],
          "category": 1,
          "nodeType": 3,
          "position": Object {
            "col": 20,
            "file": "file",
            "line": 10,
            "offset": 268,
          },
        },
        "category": 1,
        "condition": Object {
          "category": 3,
          "nodeType": 15,
          "position": Object {
            "col": 12,
            "file": "file",
            "line": 10,
            "offset": 260,
          },
          "value": "'test'",
        },
        "nodeType": 1,
        "position": Object {
          "col": 8,
          "file": "file",
          "line": 10,
          "offset": 256,
        },
      },
      "body": Object {
        "body": Array [
          Object {
            "args": Array [
              Object {
                "category": 3,
                "nodeType": 15,
                "position": Object {
                  "col": 9,
                  "file": "file",
                  "line": 9,
                  "offset": 236,
                },
                "value": "'If Test'",
              },
            ],
            "category": 2,
            "name": Object {
              "category": 5,
              "name": "print",
              "nodeType": 21,
              "position": Object {
                "col": 3,
                "file": "file",
                "line": 9,
                "offset": 230,
              },
            },
            "nodeType": 13,
            "position": Object {
              "col": 3,
              "file": "file",
              "line": 9,
              "offset": 230,
            },
          },
        ],
        "category": 1,
        "nodeType": 3,
        "position": Object {
          "col": 13,
          "file": "file",
          "line": 8,
          "offset": 225,
        },
      },
      "category": 1,
      "condition": Object {
        "category": 2,
        "lhs": Object {
          "category": 3,
          "nodeType": 16,
          "position": Object {
            "col": 5,
            "file": "file",
            "line": 8,
            "offset": 217,
          },
          "value": "1",
        },
        "nodeType": 9,
        "operator": 0,
        "position": Object {
          "col": 5,
          "file": "file",
          "line": 8,
          "offset": 217,
        },
        "rhs": Object {
          "category": 3,
          "nodeType": 16,
          "position": Object {
            "col": 10,
            "file": "file",
            "line": 8,
            "offset": 222,
          },
          "value": "1",
        },
      },
      "nodeType": 1,
      "position": Object {
        "col": 1,
        "file": "file",
        "line": 8,
        "offset": 213,
      },
    },
    Object {
      "alternative": undefined,
      "body": Object {
        "args": Array [
          Object {
            "category": 3,
            "nodeType": 15,
            "position": Object {
              "col": 19,
              "file": "file",
              "line": 15,
              "offset": 352,
            },
            "value": "'test'",
          },
        ],
        "category": 2,
        "name": Object {
          "category": 5,
          "name": "print",
          "nodeType": 21,
          "position": Object {
            "col": 13,
            "file": "file",
            "line": 15,
            "offset": 346,
          },
        },
        "nodeType": 13,
        "position": Object {
          "col": 13,
          "file": "file",
          "line": 15,
          "offset": 346,
        },
      },
      "category": 1,
      "condition": Object {
        "category": 2,
        "lhs": Object {
          "category": 3,
          "nodeType": 16,
          "position": Object {
            "col": 5,
            "file": "file",
            "line": 15,
            "offset": 338,
          },
          "value": "1",
        },
        "nodeType": 9,
        "operator": 0,
        "position": Object {
          "col": 5,
          "file": "file",
          "line": 15,
          "offset": 338,
        },
        "rhs": Object {
          "category": 3,
          "nodeType": 16,
          "position": Object {
            "col": 10,
            "file": "file",
            "line": 15,
            "offset": 343,
          },
          "value": "1",
        },
      },
      "nodeType": 1,
      "position": Object {
        "col": 1,
        "file": "file",
        "line": 15,
        "offset": 334,
      },
    },
  ],
  "category": 0,
  "nodeType": 0,
  "position": Object {
    "col": 0,
    "file": "file",
    "line": 0,
    "offset": 0,
  },
}
`;
